[2025-04-08 10:22:16] local.ERROR: Please make sure the PHP Redis extension is installed and enabled. {"exception":"[object] (LogicException(code: 0): Please make sure the PHP Redis extension is installed and enabled. at /mnt/e/HLB/sendportal/vendor/laravel/framework/src/Illuminate/Redis/Connectors/PhpRedisConnector.php:81)
[stacktrace]
#0 /mnt/e/HLB/sendportal/vendor/laravel/framework/src/Illuminate/Support/helpers.php(380): Illuminate\\Redis\\Connectors\\PhpRedisConnector->Illuminate\\Redis\\Connectors\\{closure}()
#1 /mnt/e/HLB/sendportal/vendor/laravel/framework/src/Illuminate/Redis/Connectors/PhpRedisConnector.php(79): tap()
#2 /mnt/e/HLB/sendportal/vendor/laravel/framework/src/Illuminate/Redis/Connectors/PhpRedisConnector.php(33): Illuminate\\Redis\\Connectors\\PhpRedisConnector->createClient()
#3 /mnt/e/HLB/sendportal/vendor/laravel/framework/src/Illuminate/Redis/Connectors/PhpRedisConnector.php(38): Illuminate\\Redis\\Connectors\\PhpRedisConnector->Illuminate\\Redis\\Connectors\\{closure}()
#4 /mnt/e/HLB/sendportal/vendor/laravel/framework/src/Illuminate/Redis/RedisManager.php(110): Illuminate\\Redis\\Connectors\\PhpRedisConnector->connect()
#5 /mnt/e/HLB/sendportal/vendor/laravel/framework/src/Illuminate/Redis/RedisManager.php(91): Illuminate\\Redis\\RedisManager->resolve()
#6 /mnt/e/HLB/sendportal/vendor/laravel/horizon/src/Repositories/RedisMasterSupervisorRepository.php(161): Illuminate\\Redis\\RedisManager->connection()
#7 /mnt/e/HLB/sendportal/vendor/laravel/horizon/src/Repositories/RedisMasterSupervisorRepository.php(73): Laravel\\Horizon\\Repositories\\RedisMasterSupervisorRepository->connection()
#8 /mnt/e/HLB/sendportal/vendor/laravel/horizon/src/Repositories/RedisMasterSupervisorRepository.php(62): Laravel\\Horizon\\Repositories\\RedisMasterSupervisorRepository->get()
#9 /mnt/e/HLB/sendportal/vendor/laravel/horizon/src/Console/HorizonCommand.php(36): Laravel\\Horizon\\Repositories\\RedisMasterSupervisorRepository->find()
#10 /mnt/e/HLB/sendportal/vendor/laravel/framework/src/Illuminate/Container/BoundMethod.php(36): Laravel\\Horizon\\Console\\HorizonCommand->handle()
#11 /mnt/e/HLB/sendportal/vendor/laravel/framework/src/Illuminate/Container/Util.php(43): Illuminate\\Container\\BoundMethod::Illuminate\\Container\\{closure}()
#12 /mnt/e/HLB/sendportal/vendor/laravel/framework/src/Illuminate/Container/BoundMethod.php(95): Illuminate\\Container\\Util::unwrapIfClosure()
#13 /mnt/e/HLB/sendportal/vendor/laravel/framework/src/Illuminate/Container/BoundMethod.php(35): Illuminate\\Container\\BoundMethod::callBoundMethod()
#14 /mnt/e/HLB/sendportal/vendor/laravel/framework/src/Illuminate/Container/Container.php(690): Illuminate\\Container\\BoundMethod::call()
#15 /mnt/e/HLB/sendportal/vendor/laravel/framework/src/Illuminate/Console/Command.php(213): Illuminate\\Container\\Container->call()
#16 /mnt/e/HLB/sendportal/vendor/symfony/console/Command/Command.php(279): Illuminate\\Console\\Command->execute()
#17 /mnt/e/HLB/sendportal/vendor/laravel/framework/src/Illuminate/Console/Command.php(182): Symfony\\Component\\Console\\Command\\Command->run()
#18 /mnt/e/HLB/sendportal/vendor/symfony/console/Application.php(1047): Illuminate\\Console\\Command->run()
#19 /mnt/e/HLB/sendportal/vendor/symfony/console/Application.php(316): Symfony\\Component\\Console\\Application->doRunCommand()
#20 /mnt/e/HLB/sendportal/vendor/symfony/console/Application.php(167): Symfony\\Component\\Console\\Application->doRun()
#21 /mnt/e/HLB/sendportal/vendor/laravel/framework/src/Illuminate/Foundation/Console/Kernel.php(197): Symfony\\Component\\Console\\Application->run()
#22 /mnt/e/HLB/sendportal/vendor/laravel/framework/src/Illuminate/Foundation/Application.php(1205): Illuminate\\Foundation\\Console\\Kernel->handle()
#23 /mnt/e/HLB/sendportal/artisan(13): Illuminate\\Foundation\\Application->handleCommand()
#24 {main}
"} 
